c:\st\stm32cubeide_1.5.1\stm32cubeide\plugins\com.st.stm32cube.ide.mcu.externaltools.gnu-tools-for-stm32.10.3-2021.10.win32_1.0.0.202111181127\tools\bin\../lib/gcc/arm-none-eabi/10.3.1/../../../../arm-none-eabi/include/c++/10.3.1/arm-none-eabi/thumb/v7e-m+fp/hard/bits/gthr-default.h:229:1:int __gthread_key_delete(__gthread_key_t)	16	static
../Src/freertos.cpp:117:6:void vApplicationGetIdleTaskMemory(StaticTask_t**, StackType_t**, uint32_t*)	24	static
../Src/freertos.cpp:131:6:void MX_FREERTOS_Init()	80	static
../Src/freertos.cpp:179:6:void mainTask(const void*)	40	static
../Src/freertos.cpp:238:6:void led(const void*)	16	static
../Src/freertos.cpp:292:6:void HAL_ADC_ConvCpltCallback(ADC_HandleTypeDef*)	16	static
../Src/freertos.cpp:297:1:void __static_initialization_and_destruction_0(int, int)	16	static
../Src/freertos.cpp:297:1:cpp)	8	static
../Src/freertos.cpp:297:1:cpp)	8	static
